// Jest Snapshot v1, https://goo.gl/fbAQLP

exports[`Scripts FoeGbInvestment ComputeLevelInvestment Valid value 1`] = `
Object {
  "cost": 510,
  "investment": Array [
    Object {
      "cumulativeInvestment": 455,
      "expectedParticipation": 55,
      "isInvestorParticipation": false,
      "participation": 55,
      "preparation": 400,
      "reward": 55,
    },
    Object {
      "cumulativeInvestment": 485,
      "expectedParticipation": 30,
      "isInvestorParticipation": false,
      "participation": 30,
      "preparation": 400,
      "reward": 30,
    },
    Object {
      "cumulativeInvestment": 500,
      "expectedParticipation": 10,
      "isInvestorParticipation": false,
      "participation": 10,
      "preparation": 405,
      "reward": 10,
    },
    Object {
      "cumulativeInvestment": 505,
      "expectedParticipation": 5,
      "isInvestorParticipation": false,
      "participation": 5,
      "preparation": 405,
      "reward": 5,
    },
    Object {
      "expectedParticipation": 0,
      "isInvestorParticipation": false,
      "preparation": 410,
      "reward": 0,
    },
  ],
  "level": 10,
  "otherInvestment": Array [],
  "totalPreparations": 410,
}
`;

exports[`Scripts FoeGbInvestment ComputeLevelInvestment Valid value with extra investors (2 snip for P1 and P2) 1`] = `
Object {
  "cost": 2138,
  "investment": Array [
    Object {
      "cumulativeInvestment": 1069,
      "expectedParticipation": 1197,
      "isInvestorParticipation": true,
      "participation": 1069,
      "preparation": 0,
      "reward": 630,
    },
    Object {
      "cumulativeInvestment": 1606,
      "expectedParticipation": 599,
      "isInvestorParticipation": true,
      "participation": 537,
      "preparation": 0,
      "reward": 315,
    },
    Object {
      "cumulativeInvestment": 1938,
      "expectedParticipation": 200,
      "isInvestorParticipation": false,
      "participation": 200,
      "preparation": 132,
      "reward": 105,
    },
    Object {
      "cumulativeInvestment": 2090,
      "expectedParticipation": 48,
      "isInvestorParticipation": false,
      "participation": 48,
      "preparation": 236,
      "reward": 25,
    },
    Object {
      "cumulativeInvestment": 2128,
      "expectedParticipation": 10,
      "isInvestorParticipation": false,
      "participation": 10,
      "preparation": 264,
      "reward": 5,
    },
  ],
  "level": 42,
  "otherInvestment": Array [],
  "totalPreparations": 274,
}
`;

exports[`Scripts FoeGbInvestment ComputeLevelInvestment Valid value with extra investors 1`] = `
Object {
  "cost": 2741,
  "investment": Array [
    Object {
      "cumulativeInvestment": 1473,
      "expectedParticipation": 1473,
      "isInvestorParticipation": false,
      "participation": 1473,
      "preparation": 0,
      "reward": 775,
    },
    Object {
      "cumulativeInvestment": 2214,
      "expectedParticipation": 741,
      "isInvestorParticipation": false,
      "participation": 741,
      "preparation": 0,
      "reward": 390,
    },
    Object {
      "cumulativeInvestment": 2494,
      "expectedParticipation": 247,
      "isInvestorParticipation": false,
      "participation": 247,
      "preparation": 33,
      "reward": 130,
    },
    Object {
      "cumulativeInvestment": 2666,
      "expectedParticipation": 67,
      "isInvestorParticipation": true,
      "participation": 75,
      "preparation": 130,
      "reward": 35,
    },
    Object {
      "cumulativeInvestment": 2731,
      "expectedParticipation": 10,
      "isInvestorParticipation": false,
      "participation": 10,
      "preparation": 185,
      "reward": 5,
    },
  ],
  "level": 56,
  "otherInvestment": Array [
    Object {
      "expectedParticipation": 0,
      "isInvestorParticipation": true,
      "participation": 1,
      "preparation": 0,
      "reward": 0,
    },
    Object {
      "expectedParticipation": 0,
      "isInvestorParticipation": true,
      "participation": 1,
      "preparation": 0,
      "reward": 0,
    },
  ],
  "totalPreparations": 193,
}
`;

exports[`Scripts FoeGbInvestment ComputeLevelInvestment Valid value with investor that secure place 1`] = `
Object {
  "cost": 1073,
  "investment": Array [
    Object {
      "cumulativeInvestment": 573,
      "expectedParticipation": 371,
      "isInvestorParticipation": true,
      "participation": 500,
      "preparation": 73,
      "reward": 195,
    },
    Object {
      "cumulativeInvestment": 883,
      "expectedParticipation": 190,
      "isInvestorParticipation": false,
      "participation": 190,
      "preparation": 193,
      "reward": 100,
    },
    Object {
      "cumulativeInvestment": 1006,
      "expectedParticipation": 67,
      "isInvestorParticipation": false,
      "participation": 67,
      "preparation": 249,
      "reward": 35,
    },
    Object {
      "cumulativeInvestment": 1054,
      "expectedParticipation": 19,
      "isInvestorParticipation": false,
      "participation": 19,
      "preparation": 278,
      "reward": 10,
    },
    Object {
      "expectedParticipation": 0,
      "isInvestorParticipation": false,
      "preparation": 297,
      "reward": 0,
    },
  ],
  "level": 18,
  "otherInvestment": Array [],
  "totalPreparations": 297,
}
`;

exports[`Scripts FoeGbInvestment ComputeLevelInvestment Valid value with investor that secure place with P1 780 instead of 181 and P3 10 instead of 29 1`] = `
Object {
  "cost": 880,
  "investment": Array [
    Object {
      "cumulativeInvestment": 780,
      "expectedParticipation": 181,
      "isInvestorParticipation": true,
      "participation": 780,
      "preparation": 0,
      "reward": 95,
    },
    Object {
      "cumulativeInvestment": 870,
      "expectedParticipation": 95,
      "isInvestorParticipation": false,
      "participation": 90,
      "preparation": 0,
      "reward": 50,
    },
    Object {
      "cumulativeInvestment": 880,
      "expectedParticipation": 29,
      "isInvestorParticipation": true,
      "participation": 10,
      "preparation": 0,
      "reward": 15,
    },
    Object {
      "expectedParticipation": 10,
      "isInvestorParticipation": false,
      "preparation": 0,
      "reward": 5,
    },
    Object {
      "expectedParticipation": 0,
      "isInvestorParticipation": false,
      "preparation": 0,
      "reward": 0,
    },
  ],
  "level": 10,
  "otherInvestment": Array [],
  "totalPreparations": 0,
}
`;

exports[`Scripts FoeGbInvestment ComputeLevelInvestmentRange Valid value 1`] = `
Object {
  "global": Object {
    "cost": 2500,
    "totalPreparations": 2025,
  },
  "levels": Array [
    Object {
      "cost": 40,
      "investment": Array [
        Object {
          "cumulativeInvestment": 35,
          "expectedParticipation": 5,
          "isInvestorParticipation": false,
          "participation": 5,
          "preparation": 30,
          "reward": 5,
        },
        Object {
          "cumulativeInvestment": 40,
          "expectedParticipation": 5,
          "isInvestorParticipation": false,
          "participation": 5,
          "preparation": 30,
          "reward": 5,
        },
        Object {
          "expectedParticipation": 0,
          "isInvestorParticipation": false,
          "preparation": 30,
          "reward": 0,
        },
        Object {
          "expectedParticipation": 0,
          "isInvestorParticipation": false,
          "preparation": 30,
          "reward": 0,
        },
        Object {
          "expectedParticipation": 0,
          "isInvestorParticipation": false,
          "preparation": 30,
          "reward": 0,
        },
      ],
      "level": 1,
      "otherInvestment": Array [],
      "totalPreparations": 30,
    },
    Object {
      "cost": 60,
      "investment": Array [
        Object {
          "cumulativeInvestment": 50,
          "expectedParticipation": 10,
          "isInvestorParticipation": false,
          "participation": 10,
          "preparation": 40,
          "reward": 10,
        },
        Object {
          "cumulativeInvestment": 55,
          "expectedParticipation": 5,
          "isInvestorParticipation": false,
          "participation": 5,
          "preparation": 40,
          "reward": 5,
        },
        Object {
          "expectedParticipation": 0,
          "isInvestorParticipation": false,
          "preparation": 45,
          "reward": 0,
        },
        Object {
          "expectedParticipation": 0,
          "isInvestorParticipation": false,
          "preparation": 45,
          "reward": 0,
        },
        Object {
          "expectedParticipation": 0,
          "isInvestorParticipation": false,
          "preparation": 45,
          "reward": 0,
        },
      ],
      "level": 2,
      "otherInvestment": Array [],
      "totalPreparations": 45,
    },
    Object {
      "cost": 100,
      "investment": Array [
        Object {
          "cumulativeInvestment": 90,
          "expectedParticipation": 10,
          "isInvestorParticipation": false,
          "participation": 10,
          "preparation": 80,
          "reward": 10,
        },
        Object {
          "cumulativeInvestment": 95,
          "expectedParticipation": 5,
          "isInvestorParticipation": false,
          "participation": 5,
          "preparation": 80,
          "reward": 5,
        },
        Object {
          "expectedParticipation": 0,
          "isInvestorParticipation": false,
          "preparation": 85,
          "reward": 0,
        },
        Object {
          "expectedParticipation": 0,
          "isInvestorParticipation": false,
          "preparation": 85,
          "reward": 0,
        },
        Object {
          "expectedParticipation": 0,
          "isInvestorParticipation": false,
          "preparation": 85,
          "reward": 0,
        },
      ],
      "level": 3,
      "otherInvestment": Array [],
      "totalPreparations": 85,
    },
    Object {
      "cost": 150,
      "investment": Array [
        Object {
          "cumulativeInvestment": 135,
          "expectedParticipation": 15,
          "isInvestorParticipation": false,
          "participation": 15,
          "preparation": 120,
          "reward": 15,
        },
        Object {
          "cumulativeInvestment": 145,
          "expectedParticipation": 10,
          "isInvestorParticipation": false,
          "participation": 10,
          "preparation": 120,
          "reward": 10,
        },
        Object {
          "cumulativeInvestment": 150,
          "expectedParticipation": 5,
          "isInvestorParticipation": false,
          "participation": 5,
          "preparation": 120,
          "reward": 5,
        },
        Object {
          "expectedParticipation": 0,
          "isInvestorParticipation": false,
          "preparation": 120,
          "reward": 0,
        },
        Object {
          "expectedParticipation": 0,
          "isInvestorParticipation": false,
          "preparation": 120,
          "reward": 0,
        },
      ],
      "level": 4,
      "otherInvestment": Array [],
      "totalPreparations": 120,
    },
    Object {
      "cost": 210,
      "investment": Array [
        Object {
          "cumulativeInvestment": 185,
          "expectedParticipation": 25,
          "isInvestorParticipation": false,
          "participation": 25,
          "preparation": 160,
          "reward": 25,
        },
        Object {
          "cumulativeInvestment": 200,
          "expectedParticipation": 15,
          "isInvestorParticipation": false,
          "participation": 15,
          "preparation": 160,
          "reward": 15,
        },
        Object {
          "cumulativeInvestment": 205,
          "expectedParticipation": 5,
          "isInvestorParticipation": false,
          "participation": 5,
          "preparation": 160,
          "reward": 5,
        },
        Object {
          "expectedParticipation": 0,
          "isInvestorParticipation": false,
          "preparation": 165,
          "reward": 0,
        },
        Object {
          "expectedParticipation": 0,
          "isInvestorParticipation": false,
          "preparation": 165,
          "reward": 0,
        },
      ],
      "level": 5,
      "otherInvestment": Array [],
      "totalPreparations": 165,
    },
    Object {
      "cost": 270,
      "investment": Array [
        Object {
          "cumulativeInvestment": 240,
          "expectedParticipation": 30,
          "isInvestorParticipation": false,
          "participation": 30,
          "preparation": 210,
          "reward": 30,
        },
        Object {
          "cumulativeInvestment": 255,
          "expectedParticipation": 15,
          "isInvestorParticipation": false,
          "participation": 15,
          "preparation": 210,
          "reward": 15,
        },
        Object {
          "cumulativeInvestment": 265,
          "expectedParticipation": 5,
          "isInvestorParticipation": false,
          "participation": 5,
          "preparation": 215,
          "reward": 5,
        },
        Object {
          "expectedParticipation": 0,
          "isInvestorParticipation": false,
          "preparation": 220,
          "reward": 0,
        },
        Object {
          "expectedParticipation": 0,
          "isInvestorParticipation": false,
          "preparation": 220,
          "reward": 0,
        },
      ],
      "level": 6,
      "otherInvestment": Array [],
      "totalPreparations": 220,
    },
    Object {
      "cost": 330,
      "investment": Array [
        Object {
          "cumulativeInvestment": 295,
          "expectedParticipation": 35,
          "isInvestorParticipation": false,
          "participation": 35,
          "preparation": 260,
          "reward": 35,
        },
        Object {
          "cumulativeInvestment": 315,
          "expectedParticipation": 20,
          "isInvestorParticipation": false,
          "participation": 20,
          "preparation": 260,
          "reward": 20,
        },
        Object {
          "cumulativeInvestment": 325,
          "expectedParticipation": 5,
          "isInvestorParticipation": false,
          "participation": 5,
          "preparation": 265,
          "reward": 5,
        },
        Object {
          "expectedParticipation": 0,
          "isInvestorParticipation": false,
          "preparation": 270,
          "reward": 0,
        },
        Object {
          "expectedParticipation": 0,
          "isInvestorParticipation": false,
          "preparation": 270,
          "reward": 0,
        },
      ],
      "level": 7,
      "otherInvestment": Array [],
      "totalPreparations": 270,
    },
    Object {
      "cost": 380,
      "investment": Array [
        Object {
          "cumulativeInvestment": 340,
          "expectedParticipation": 40,
          "isInvestorParticipation": false,
          "participation": 40,
          "preparation": 300,
          "reward": 40,
        },
        Object {
          "cumulativeInvestment": 360,
          "expectedParticipation": 20,
          "isInvestorParticipation": false,
          "participation": 20,
          "preparation": 300,
          "reward": 20,
        },
        Object {
          "cumulativeInvestment": 375,
          "expectedParticipation": 5,
          "isInvestorParticipation": false,
          "participation": 5,
          "preparation": 310,
          "reward": 5,
        },
        Object {
          "expectedParticipation": 0,
          "isInvestorParticipation": false,
          "preparation": 315,
          "reward": 0,
        },
        Object {
          "expectedParticipation": 0,
          "isInvestorParticipation": false,
          "preparation": 315,
          "reward": 0,
        },
      ],
      "level": 8,
      "otherInvestment": Array [],
      "totalPreparations": 315,
    },
    Object {
      "cost": 450,
      "investment": Array [
        Object {
          "cumulativeInvestment": 405,
          "expectedParticipation": 45,
          "isInvestorParticipation": false,
          "participation": 45,
          "preparation": 360,
          "reward": 45,
        },
        Object {
          "cumulativeInvestment": 430,
          "expectedParticipation": 25,
          "isInvestorParticipation": false,
          "participation": 25,
          "preparation": 360,
          "reward": 25,
        },
        Object {
          "cumulativeInvestment": 440,
          "expectedParticipation": 10,
          "isInvestorParticipation": false,
          "participation": 10,
          "preparation": 360,
          "reward": 10,
        },
        Object {
          "cumulativeInvestment": 445,
          "expectedParticipation": 5,
          "isInvestorParticipation": false,
          "participation": 5,
          "preparation": 360,
          "reward": 5,
        },
        Object {
          "expectedParticipation": 0,
          "isInvestorParticipation": false,
          "preparation": 365,
          "reward": 0,
        },
      ],
      "level": 9,
      "otherInvestment": Array [],
      "totalPreparations": 365,
    },
    Object {
      "cost": 510,
      "investment": Array [
        Object {
          "cumulativeInvestment": 455,
          "expectedParticipation": 55,
          "isInvestorParticipation": false,
          "participation": 55,
          "preparation": 400,
          "reward": 55,
        },
        Object {
          "cumulativeInvestment": 485,
          "expectedParticipation": 30,
          "isInvestorParticipation": false,
          "participation": 30,
          "preparation": 400,
          "reward": 30,
        },
        Object {
          "cumulativeInvestment": 500,
          "expectedParticipation": 10,
          "isInvestorParticipation": false,
          "participation": 10,
          "preparation": 405,
          "reward": 10,
        },
        Object {
          "cumulativeInvestment": 505,
          "expectedParticipation": 5,
          "isInvestorParticipation": false,
          "participation": 5,
          "preparation": 405,
          "reward": 5,
        },
        Object {
          "expectedParticipation": 0,
          "isInvestorParticipation": false,
          "preparation": 410,
          "reward": 0,
        },
      ],
      "level": 10,
      "otherInvestment": Array [],
      "totalPreparations": 410,
    },
  ],
}
`;
